This is pdfTeX, Version 3.141592653-2.6-1.40.29 (MiKTeX 26.5) (preloaded format=pdflatex 2026.8.15)  15 AUG 2026 17:43
entering extended mode
 restricted \write18 enabled.
 file:line:error style messages enabled.
 %&-line parsing enabled.
**c:/Users/Esteban/TesisAcouML/Paper/_TesisII__Paper_TII/Paper_investigacion.tex
(c:/Users/Esteban/TesisAcouML/Paper/_TesisII__Paper_TII/Paper_investigacion.tex
LaTeX2e <2026-06-01>
L3 programming layer <2026-07-20>
(C:\Users\Esteban\AppData\Local\Programs\MiKTeX\tex/latex/ieeetran\IEEEtran.cls
Document Class: IEEEtran 2015/08/26 V1.8b by Michael Shell
-- See the "IEEEtran_HOWTO" manual for usage information.
-- http://www.michaelshell.org/tex/ieeetran/
\@IEEEtrantmpdimenA=\dimen150
\@IEEEtrantmpdimenB=\dimen151
\@IEEEtrantmpdimenC=\dimen152
\@IEEEtrantmpcountA=\count276
\@IEEEtrantmpcountB=\count277
\@IEEEtrantmpcountC=\count278
\@IEEEtrantmptoksA=\toks17
LaTeX Font Info:    Trying to load font information for OT1+ptm on input line 503.
(C:\Users\Esteban\AppData\Local\Programs\MiKTeX\tex/latex/psnfss\ot1ptm.fd
File: ot1ptm.fd 2001/06/04 font definitions for OT1/ptm.
)
-- Using 8.5in x 11in (letter) paper.
-- Using PDF output.
\@IEEEnormalsizeunitybaselineskip=\dimen153
-- This is a 10 point document.
LaTeX Encoding Info:    Redeclaring text command \textunderscore (encoding ?) on input line 937.
\CLASSINFOnormalsizebaselineskip=\dimen154
\CLASSINFOnormalsizeunitybaselineskip=\dimen155
\IEEEnormaljot=\dimen156
LaTeX Font Info:    Font shape `OT1/ptm/bx/n' in size <5> not available
(Font)              Font shape `OT1/ptm/b/n' tried instead on input line 1090.
LaTeX Font Info:    Font shape `OT1/ptm/bx/it' in size <5> not available
(Font)              Font shape `OT1/ptm/b/it' tried instead on input line 1090.
LaTeX Font Info:    Font shape `OT1/ptm/bx/n' in size <7> not available
(Font)              Font shape `OT1/ptm/b/n' tried instead on input line 1090.
LaTeX Font Info:    Font shape `OT1/ptm/bx/it' in size <7> not available
(Font)              Font shape `OT1/ptm/b/it' tried instead on input line 1090.
LaTeX Font Info:    Font shape `OT1/ptm/bx/n' in size <8> not available
(Font)              Font shape `OT1/ptm/b/n' tried instead on input line 1090.
LaTeX Font Info:    Font shape `OT1/ptm/bx/it' in size <8> not available
(Font)              Font shape `OT1/ptm/b/it' tried instead on input line 1090.
LaTeX Font Info:    Font shape `OT1/ptm/bx/n' in size <9> not available
(Font)              Font shape `OT1/ptm/b/n' tried instead on input line 1090.
LaTeX Font Info:    Font shape `OT1/ptm/bx/it' in size <9> not available
(Font)              Font shape `OT1/ptm/b/it' tried instead on input line 1090.
LaTeX Font Info:    Font shape `OT1/ptm/bx/n' in size <10> not available
(Font)              Font shape `OT1/ptm/b/n' tried instead on input line 1090.
LaTeX Font Info:    Font shape `OT1/ptm/bx/it' in size <10> not available
(Font)              Font shape `OT1/ptm/b/it' tried instead on input line 1090.
LaTeX Font Info:    Font shape `OT1/ptm/bx/n' in size <11> not available
(Font)              Font shape `OT1/ptm/b/n' tried instead on input line 1090.
LaTeX Font Info:    Font shape `OT1/ptm/bx/it' in size <11> not available
(Font)              Font shape `OT1/ptm/b/it' tried instead on input line 1090.
LaTeX Font Info:    Font shape `OT1/ptm/bx/n' in size <12> not available
(Font)              Font shape `OT1/ptm/b/n' tried instead on input line 1090.
LaTeX Font Info:    Font shape `OT1/ptm/bx/it' in size <12> not available
(Font)              Font shape `OT1/ptm/b/it' tried instead on input line 1090.
LaTeX Font Info:    Font shape `OT1/ptm/bx/n' in size <17> not available
(Font)              Font shape `OT1/ptm/b/n' tried instead on input line 1090.
LaTeX Font Info:    Font shape `OT1/ptm/bx/it' in size <17> not available
(Font)              Font shape `OT1/ptm/b/it' tried instead on input line 1090.
LaTeX Font Info:    Font shape `OT1/ptm/bx/n' in size <20> not available
(Font)              Font shape `OT1/ptm/b/n' tried instead on input line 1090.
LaTeX Font Info:    Font shape `OT1/ptm/bx/it' in size <20> not available
(Font)              Font shape `OT1/ptm/b/it' tried instead on input line 1090.
LaTeX Font Info:    Font shape `OT1/ptm/bx/n' in size <24> not available
(Font)              Font shape `OT1/ptm/b/n' tried instead on input line 1090.
LaTeX Font Info:    Font shape `OT1/ptm/bx/it' in size <24> not available
(Font)              Font shape `OT1/ptm/b/it' tried instead on input line 1090.
\IEEEquantizedlength=\dimen157
\IEEEquantizedlengthdiff=\dimen158
\IEEEquantizedtextheightdiff=\dimen159
\IEEEilabelindentA=\dimen160
\IEEEilabelindentB=\dimen161
\IEEEilabelindent=\dimen162
\IEEEelabelindent=\dimen163
\IEEEdlabelindent=\dimen164
\IEEElabelindent=\dimen165
\IEEEiednormlabelsep=\dimen166
\IEEEiedmathlabelsep=\dimen167
\IEEEiedtopsep=\skip49
\c@section=\count279
\c@subsection=\count280
\c@subsubsection=\count281
\c@paragraph=\count282
\c@IEEEsubequation=\count283
\abovecaptionskip=\skip50
\belowcaptionskip=\skip51
\c@figure=\count284
\c@table=\count285
\@IEEEeqnnumcols=\count286
\@IEEEeqncolcnt=\count287
\@IEEEsubeqnnumrollback=\count288
\@IEEEquantizeheightA=\dimen168
\@IEEEquantizeheightB=\dimen169
\@IEEEquantizeheightC=\dimen170
\@IEEEquantizeprevdepth=\dimen171
\@IEEEquantizemultiple=\count289
\@IEEEquantizeboxA=\box53
\@IEEEtmpitemindent=\dimen172
\IEEEPARstartletwidth=\dimen173
\c@IEEEbiography=\count290
\@IEEEtranrubishbin=\box54
)
** ATTENTION: Overriding command lockouts (line 2).
(C:\Users\Esteban\AppData\Local\Programs\MiKTeX\tex/latex/listings\listings.sty (C:\Users\Esteban\AppData\Local\Programs\MiKTeX\tex/latex/graphics\keyval.sty
Package: keyval 2026-05-17 v1.15 key=value parser (DPC)
\KV@toks@=\toks18
)
\lst@mode=\count291
\lst@gtempboxa=\box55
\lst@token=\toks19
\lst@length=\count292
\lst@currlwidth=\dimen174
\lst@column=\count293
\lst@pos=\count294
\lst@lostspace=\dimen175
\lst@width=\dimen176
\lst@newlines=\count295
\lst@lineno=\count296
\lst@maxwidth=\dimen177
 (C:\Users\Esteban\AppData\Local\Programs\MiKTeX\tex/latex/listings\lstpatch.sty
File: lstpatch.sty 2025/11/14 1.11b (Carsten Heinz)
) (C:\Users\Esteban\AppData\Local\Programs\MiKTeX\tex/latex/listings\lstmisc.sty
File: lstmisc.sty 2025/11/14 1.11b (Carsten Heinz)
\c@lstnumber=\count297
\lst@skipnumbers=\count298
\lst@framebox=\box56
) (C:\Users\Esteban\AppData\Local\Programs\MiKTeX\tex/latex/listings\listings.cfg
File: listings.cfg 2025/11/14 1.11b listings configuration
))
Package: listings 2025/11/14 1.11b (Carsten Heinz)
 (C:\Users\Esteban\AppData\Local\Programs\MiKTeX\tex/latex/lipsum\lipsum.sty (C:\Users\Esteban\AppData\Local\Programs\MiKTeX\tex/latex/l3packages/l3keys2e\l3keys2e.sty (C:\Users\Esteban\AppData\Local\Programs\MiKTeX\tex/latex/l3kernel\expl3.sty
Package: expl3 2026-07-20 L3 programming layer (loader) 
 (C:\Users\Esteban\AppData\Local\Programs\MiKTeX\tex/latex/l3backend\l3backend-pdftex.def
File: l3backend-pdftex.def 2026-07-20 L3 backend support: PDF output (pdfTeX)
\l__color_backend_stack_int=\count299
))
Package: l3keys2e 2025-10-09 LaTeX2e option processing using LaTeX3 keys
)
Package: lipsum 2021-09-20 v2.7 150 paragraphs of Lorem Ipsum dummy text
\g__lipsum_par_int=\count300
\l__lipsum_a_int=\count301
\l__lipsum_b_int=\count302
 (C:\Users\Esteban\AppData\Local\Programs\MiKTeX\tex/latex/lipsum\lipsum.ltd.tex)) (C:\Users\Esteban\AppData\Local\Programs\MiKTeX\tex/latex/float\float.sty
Package: float 2001/11/08 v1.3d Float enhancements (AL)
\c@float@type=\count303
\float@exts=\toks20
\float@box=\box57
\@float@everytoks=\toks21
\@floatcapt=\box58
) (C:\Users\Esteban\AppData\Local\Programs\MiKTeX\tex/latex/caption\caption.sty
Package: caption 2023/08/05 v3.6o Customizing captions (AR)
 (C:\Users\Esteban\AppData\Local\Programs\MiKTeX\tex/latex/caption\caption3.sty
Package: caption3 2023/07/31 v2.4d caption3 kernel (AR)
\caption@tempdima=\dimen178
\captionmargin=\dimen179
\caption@leftmargin=\dimen180
\caption@rightmargin=\dimen181
\caption@width=\dimen182
\caption@indent=\dimen183
\caption@parindent=\dimen184
\caption@hangindent=\dimen185
Package caption Info: Unknown document class (or package),
(caption)             standard defaults will be used.
Package caption Info: \@makecaption = \long macro:#1#2->\ifx \@captype \@IEEEtablestring \footnotesize \bgroup \par \centering \@IEEEtabletopskipstrut {\normalfont \footnotesize #1}\\{\normalfont \footnotesize \scshape #2}\par \addvspace {0.5\baselineskip }\egroup \@IEEEtablecaptionsepspace \else \@IEEEfigurecaptionsepspace \setbox \@tempboxa \hbox {\normalfont \footnotesize {#1.}\nobreakspace \nobreakspace #2}\ifdim \wd \@tempboxa >\hsize \setbox \@tempboxa \hbox {\normalfont \footnotesize {#1.}\nobreakspace \nobreakspace }\parbox [t]{\hsize }{\normalfont \footnotesize \noindent \unhbox \@tempboxa #2}\else \ifCLASSOPTIONconference \hbox to\hsize {\normalfont \footnotesize \hfil \box \@tempboxa \hfil }\else \hbox to\hsize {\normalfont \footnotesize \box \@tempboxa \hfil }\fi \fi \fi  on input line 1175.
)

Package caption Warning: Unknown document class (or package),
(caption)                standard defaults will be used.
See the caption package documentation for explanation.

\c@caption@flags=\count304
\c@continuedfloat=\count305
Package caption Info: float package is loaded.
Package caption Info: listings package is loaded.
) (C:\Users\Esteban\AppData\Local\Programs\MiKTeX\tex/latex/caption\subcaption.sty
Package: subcaption 2023/07/28 v1.6b Sub-captions (AR)
Package caption Info: New subtype `subfigure' on input line 238.
\c@subfigure=\count306
Package caption Info: New subtype `subtable' on input line 238.
\c@subtable=\count307
) (C:\Users\Esteban\AppData\Local\Programs\MiKTeX\tex/latex/graphics\graphicx.sty
Package: graphicx 2026-05-17 v1.2e Enhanced LaTeX Graphics (DPC,SPQR)
 (C:\Users\Esteban\AppData\Local\Programs\MiKTeX\tex/latex/graphics\graphics.sty
Package: graphics 2026-05-17 v1.4h Standard LaTeX Graphics (DPC,SPQR)
 (C:\Users\Esteban\AppData\Local\Programs\MiKTeX\tex/latex/graphics\trig.sty
Package: trig 2023/12/02 v1.11 sin cos tan (DPC)
) (C:\Users\Esteban\AppData\Local\Programs\MiKTeX\tex/latex/graphics-cfg\graphics.cfg
File: graphics.cfg 2016/06/04 v1.11 sample graphics configuration
)
Package graphics Info: Driver file: pdftex.def on input line 106.
 (C:\Users\Esteban\AppData\Local\Programs\MiKTeX\tex/latex/graphics-def\pdftex.def
File: pdftex.def 2025/09/29 v1.2d Graphics/color driver for pdftex
))
\Gin@req@height=\dimen186
\Gin@req@width=\dimen187
) (C:\Users\Esteban\AppData\Local\Programs\MiKTeX\tex/latex/multirow\multirow.sty
Package: multirow 2024/11/12 v2.9 Span multiple rows of a table
\multirow@colwidth=\skip52
\multirow@cntb=\count308
\multirow@dima=\skip53
\bigstrutjot=\dimen188
) (C:\Users\Esteban\AppData\Local\Programs\MiKTeX\tex/latex/xcolor\xcolor.sty
Package: xcolor 2024/09/29 v3.02 LaTeX color extensions (UK)
 (C:\Users\Esteban\AppData\Local\Programs\MiKTeX\tex/latex/graphics-cfg\color.cfg
File: color.cfg 2016/01/02 v1.6 sample color configuration
)
Package xcolor Info: Driver file: pdftex.def on input line 274.
 (C:\Users\Esteban\AppData\Local\Programs\MiKTeX\tex/latex/graphics\mathcolor.ltx)
Package xcolor Info: Model `cmy' substituted by `cmy0' on input line 1349.
Package xcolor Info: Model `hsb' substituted by `rgb' on input line 1353.
Package xcolor Info: Model `RGB' extended on input line 1365.
Package xcolor Info: Model `HTML' substituted by `rgb' on input line 1367.
Package xcolor Info: Model `Hsb' substituted by `hsb' on input line 1368.
Package xcolor Info: Model `tHsb' substituted by `hsb' on input line 1369.
Package xcolor Info: Model `HSB' substituted by `hsb' on input line 1370.
Package xcolor Info: Model `Gray' substituted by `gray' on input line 1371.
Package xcolor Info: Model `wave' substituted by `hsb' on input line 1372.
) (C:\Users\Esteban\AppData\Local\Programs\MiKTeX\tex/latex/colortbl\colortbl.sty
Package: colortbl 2026/05/01 v1.0l Color table columns (DPC)
 (C:\Users\Esteban\AppData\Local\Programs\MiKTeX\tex/latex/tools\array.sty
Package: array 2026/02/24 v2.7b Tabular extension package (FMi)
\col@sep=\dimen189
\ar@mcellbox=\box59
\extrarowheight=\dimen190
\NC@list=\toks22
\extratabsurround=\skip54
\backup@length=\skip55
\ar@cellbox=\box60
)
new hooks used!!
\minrowclearance=\skip56
\rownum=\count309
) (C:\Users\Esteban\AppData\Local\Programs\MiKTeX\tex/latex/enumitem\enumitem.sty
Package: enumitem 2025/02/06 v3.11 Customized lists
\labelindent=\skip57
\enit@outerparindent=\dimen191
\enit@toks=\toks23
\enit@inbox=\box61
\enit@count@id=\count310
\enitdp@description=\count311
) (C:\Users\Esteban\AppData\Local\Programs\MiKTeX\tex/latex/tools\tabularx.sty
Package: tabularx 2023/12/11 v2.12a `tabularx' package (DPC)
\TX@col@width=\dimen192
\TX@old@table=\dimen193
\TX@old@col=\dimen194
\TX@target=\dimen195
\TX@delta=\dimen196
\TX@cols=\count312
\TX@ftn=\toks24
) (C:\Users\Esteban\AppData\Local\Programs\MiKTeX\tex/latex/cite\cite.sty
LaTeX Info: Redefining \cite on input line 302.
LaTeX Info: Redefining \nocite on input line 332.
Package: cite 2015/02/27  v 5.5
) (Paper_investigacion.aux)
\openout1 = `Paper_investigacion.aux'.

LaTeX Font Info:    Checking defaults for OML/cmm/m/it on input line 70.
LaTeX Font Info:    ... okay on input line 70.
LaTeX Font Info:    Checking defaults for OMS/cmsy/m/n on input line 70.
LaTeX Font Info:    ... okay on input line 70.
LaTeX Font Info:    Checking defaults for OT1/cmr/m/n on input line 70.
LaTeX Font Info:    ... okay on input line 70.
LaTeX Font Info:    Checking defaults for T1/cmr/m/n on input line 70.
LaTeX Font Info:    ... okay on input line 70.
LaTeX Font Info:    Checking defaults for TS1/cmr/m/n on input line 70.
LaTeX Font Info:    ... okay on input line 70.
LaTeX Font Info:    Checking defaults for OMX/cmex/m/n on input line 70.
LaTeX Font Info:    ... okay on input line 70.
LaTeX Font Info:    Checking defaults for U/cmr/m/n on input line 70.
LaTeX Font Info:    ... okay on input line 70.

-- Lines per column: 56 (exact).
\c@lstlisting=\count313
Package caption Info: Begin \AtBeginDocument code.
Package caption Info: End \AtBeginDocument code.
(C:\Users\Esteban\AppData\Local\Programs\MiKTeX\tex/context/base/mkii\supp-pdf.mkii
[Loading MPS to PDF converter (version 2006.09.02).]
\scratchcounter=\count314
\scratchdimen=\dimen197
\scratchbox=\box62
\nofMPsegments=\count315
\nofMParguments=\count316
\everyMPshowfont=\toks25
\MPscratchCnt=\count317
\MPscratchDim=\dimen198
\MPnumerator=\count318
\makeMPintoPDFobject=\count319
\everyMPtoPDFconversion=\toks26
) (C:\Users\Esteban\AppData\Local\Programs\MiKTeX\tex/latex/epstopdf-pkg\epstopdf-base.sty
Package: epstopdf-base 2020-01-24 v2.11 Base part for package epstopdf
Package epstopdf-base Info: Redefining graphics rule for `.eps' on input line 485.
 (C:\Users\Esteban\AppData\Local\Programs\MiKTeX\tex/latex/00miktex\epstopdf-sys.cfg
File: epstopdf-sys.cfg 2021/03/18 v2.0 Configuration of epstopdf for MiKTeX
)) [1{C:/Users/Esteban/AppData/Local/MiKTeX/fonts/map/pdftex/pdftex.map}{C:/Users/Esteban/AppData/Local/Programs/MiKTeX/fonts/enc/dvips/base/8r.enc}


]
LaTeX Font Info:    Trying to load font information for TS1+ptm on input line 133.
 (C:\Users\Esteban\AppData\Local\Programs\MiKTeX\tex/latex/psnfss\ts1ptm.fd
File: ts1ptm.fd 2001/06/04 font definitions for TS1/ptm.
)
LaTeX Font Info:    External font `cmex10' loaded for size
(Font)              <7> on input line 149.
LaTeX Font Info:    External font `cmex10' loaded for size
(Font)              <5> on input line 149.
 [2]
<Measuretogether.png, id=15, 590.205pt x 1214.28656pt>
File: Measuretogether.png Graphic file (type png)
<use Measuretogether.png>
Package pdftex.def Info: Measuretogether.png  used on input line 156.
(pdftex.def)             Requested size: 227.62137pt x 426.7854pt.
<xyz_points1.jpeg, id=17, 1027.84pt x 1027.84pt>
File: xyz_points1.jpeg Graphic file (type jpg)
<use xyz_points1.jpeg>
Package pdftex.def Info: xyz_points1.jpeg  used on input line 174.
(pdftex.def)             Requested size: 241.84042pt x 227.61543pt.
 [3 <./Measuretogether.png> <./xyz_points1.jpeg>]
<espectral_analysis_gray1.jpeg, id=22, 1381.16pt x 770.88pt>
File: espectral_analysis_gray1.jpeg Graphic file (type jpg)
<use espectral_analysis_gray1.jpeg>
Package pdftex.def Info: espectral_analysis_gray1.jpeg  used on input line 188.
(pdftex.def)             Requested size: 256.05855pt x 142.25769pt.

Overfull \hbox (4.05855pt too wide) in paragraph at lines 188--189
 [] 
 []

<4channelSpec.png, id=23, 481.04718pt x 347.04657pt>
File: 4channelSpec.png Graphic file (type png)
<use 4channelSpec.png>
Package pdftex.def Info: 4channelSpec.png  used on input line 203.
(pdftex.def)             Requested size: 241.85156pt x 156.49252pt.
<method2_improved.jpeg, id=24, 331.4784pt x 185.0112pt>
File: method2_improved.jpeg Graphic file (type jpg)
<use method2_improved.jpeg>
Package pdftex.def Info: method2_improved.jpeg  used on input line 220.
(pdftex.def)             Requested size: 256.07875pt x 170.72615pt.

Overfull \hbox (4.07875pt too wide) in paragraph at lines 220--221
 [] 
 []

[4 <./espectral_analysis_gray1.jpeg> <./4channelSpec.png> <./method2_improved.jpeg>]
<histograms_test_error.png, id=29, 465.99094pt x 1119.43219pt>
File: histograms_test_error.png Graphic file (type png)
<use histograms_test_error.png>
Package pdftex.def Info: histograms_test_error.png  used on input line 244.
(pdftex.def)             Requested size: 241.84738pt x 426.7893pt.
LaTeX Font Info:    External font `cmex10' loaded for size
(Font)              <8> on input line 257.
LaTeX Font Info:    External font `cmex10' loaded for size
(Font)              <6> on input line 257.

Underfull \hbox (badness 10000) in paragraph at lines 270--271

 []

<boxplot.jpeg, id=30, 331.4784pt x 185.0112pt>
File: boxplot.jpeg Graphic file (type jpg)
<use boxplot.jpeg>
Package pdftex.def Info: boxplot.jpeg  used on input line 276.
(pdftex.def)             Requested size: 227.6278pt x 113.81085pt.
<Estimation3D.png, id=31, 880.79062pt x 2214.77437pt>
File: Estimation3D.png Graphic file (type png)
<use Estimation3D.png>
Package pdftex.def Info: Estimation3D.png  used on input line 285.
(pdftex.def)             Requested size: 256.06784pt x 483.66963pt.

Overfull \hbox (4.06784pt too wide) in paragraph at lines 285--286
 [] 
 []

[5 <./histograms_test_error.png> <./boxplot.jpeg>]
<newmeasures1.JPG, id=36, 1027.84pt x 948.54375pt>
File: newmeasures1.JPG Graphic file (type jpg)
<use newmeasures1.JPG>
Package pdftex.def Info: newmeasures1.JPG  used on input line 295.
(pdftex.def)             Requested size: 170.7155pt x 142.26094pt.
<xyzcontrangeplot.png, id=37, 614.295pt x 395.3169pt>
File: xyzcontrangeplot.png Graphic file (type png)
<use xyzcontrangeplot.png>
Package pdftex.def Info: xyzcontrangeplot.png  used on input line 307.
(pdftex.def)             Requested size: 227.62303pt x 113.80653pt.


LaTeX Warning: `!h' float specifier changed to `!ht'.

<new_measurements_error1.jpeg, id=38, 770.88pt x 1381.16pt>
File: new_measurements_error1.jpeg Graphic file (type jpg)
<use new_measurements_error1.jpeg>
Package pdftex.def Info: new_measurements_error1.jpeg  used on input line 333.
(pdftex.def)             Requested size: 227.61935pt x 398.33437pt.

Underfull \vbox (badness 10000) has occurred while \output is active []

 [6 <./Estimation3D.png> <./newmeasures1.JPG> <./xyzcontrangeplot.png>]
<xbyxEstimationE.png, id=44, 716.6775pt x 427.5975pt>
File: xbyxEstimationE.png Graphic file (type png)
<use xbyxEstimationE.png>
Package pdftex.def Info: xbyxEstimationE.png  used on input line 345.
(pdftex.def)             Requested size: 227.61366pt x 113.80865pt.
<ybyyEstimationE.png, id=45, 712.16063pt x 432.86719pt>
File: ybyyEstimationE.png Graphic file (type png)
<use ybyyEstimationE.png>
Package pdftex.def Info: ybyyEstimationE.png  used on input line 354.
(pdftex.def)             Requested size: 227.61353pt x 113.81097pt.
<zbyzEstimationE.png, id=46, 708.39656pt x 419.31656pt>
File: zbyzEstimationE.png Graphic file (type png)
<use zbyzEstimationE.png>
Package pdftex.def Info: zbyzEstimationE.png  used on input line 364.
(pdftex.def)             Requested size: 227.62112pt x 113.80562pt.

Underfull \vbox (badness 10000) has occurred while \output is active []

 [7 <./new_measurements_error1.jpeg> <./xbyxEstimationE.png> <./ybyyEstimationE.png>] (Paper_investigacion.bbl)

** Conference Paper **
Before submitting the final camera ready copy, remember to:

 1. Manually equalize the lengths of two columns on the last page
 of your paper;

 2. Ensure that any PostScript and/or PDF output post-processing
 uses only Type 1 fonts and that every step in the generation
 process uses the appropriate paper size.

[8 <./zbyzEstimationE.png>] (Paper_investigacion.aux)
 ***********
LaTeX2e <2026-06-01>
L3 programming layer <2026-07-20>
 ***********
 ) 
Here is how much of TeX's memory you used:
 6839 strings out of 467501
 121627 string characters out of 5407578
 631767 words of memory out of 5000000
 36032 multiletter control sequences out of 15000+600000
 661468 words of font info for 97 fonts, out of 8000000 for 9000
 1144 hyphenation exceptions out of 8191
 73i,8n,83p,1623b,347s stack positions out of 10000i,1000n,20000p,200000b,200000s
<C:/Users/Esteban/AppData/Local/Programs/MiKTeX/fonts/type1/public/amsfonts/cm/cmmi10.pfb><C:/Users/Esteban/AppData/Local/Programs/MiKTeX/fonts/type1/public/amsfonts/cm/cmr10.pfb><C:/Users/Esteban/AppData/Local/Programs/MiKTeX/fonts/type1/public/amsfonts/cm/cmr7.pfb><C:/Users/Esteban/AppData/Local/Programs/MiKTeX/fonts/type1/public/amsfonts/cm/cmsy10.pfb><C:/Users/Esteban/AppData/Local/Programs/MiKTeX/fonts/type1/urw/times/utmb8a.pfb><C:/Users/Esteban/AppData/Local/Programs/MiKTeX/fonts/type1/urw/times/utmbi8a.pfb><C:/Users/Esteban/AppData/Local/Programs/MiKTeX/fonts/type1/urw/times/utmr8a.pfb><C:/Users/Esteban/AppData/Local/Programs/MiKTeX/fonts/type1/urw/times/utmri8a.pfb>
Output written on Paper_investigacion.pdf (8 pages, 4257671 bytes).
PDF statistics:
 93 PDF objects out of 1000 (max. 8388607)
 0 named destinations out of 1000 (max. 500000)
 71 words of extra memory for PDF output out of 10000 (max. 10000000)

